title
"Screwdriver Utilization (%): by Queue"
parameters

start,end
2016-12-22,2017-01-01
---------
Month,"[white] Screwdriver Utilization (%)","[black] Screwdriver Utilization (%)","[pikelet] Screwdriver Utilization (%)","[roti] Screwdriver Utilization (%)","[croutons] Screwdriver Utilization (%)","[brown] Screwdriver Utilization (%)","[cornbread] Screwdriver Utilization (%)","[crumpet] Screwdriver Utilization (%)","[brioche] Screwdriver Utilization (%)","[nann] Screwdriver Utilization (%)","[focaccia] Screwdriver Utilization (%)","[bannock] Screwdriver Utilization (%)","[panettone] Screwdriver Utilization (%)","[chapti] Screwdriver Utilization (%)","[potbrood] Screwdriver Utilization (%)","[pita] Screwdriver Utilization (%)","[pumpernickel] Screwdriver Utilization (%)","[barm] Screwdriver Utilization (%)"
2016-12,13.213275286,2.229082729,1.005617365,0.752461703,0.644765522,0.477002511,0.364083725,0.233353373,0.105892296,0.001268276,0.093849248,0.016422650,0.033019900,0.019283490,0.008246481,0.006472064,0.004871705,0.003469077
2017-01,1.537161132,0.078477578,0.164601787,0,0.107222157,0.000912345,0.012487007,0.049276779,0.019330776,0.105371285,0.009644461,0.017737782,0,0,0.003693884,0.001544439,0.000719273,0.001184765
---------
