title
"Screwdriver Utilization (%): by Queue"
parameters

start,end
2016-12-22,2017-01-01
---------
Quarter,"[white] Screwdriver Utilization (%)","[black] Screwdriver Utilization (%)","[pikelet] Screwdriver Utilization (%)","[roti] Screwdriver Utilization (%)","[croutons] Screwdriver Utilization (%)","[brown] Screwdriver Utilization (%)","[cornbread] Screwdriver Utilization (%)","[crumpet] Screwdriver Utilization (%)","[brioche] Screwdriver Utilization (%)","[nann] Screwdriver Utilization (%)","[focaccia] Screwdriver Utilization (%)","[bannock] Screwdriver Utilization (%)","[panettone] Screwdriver Utilization (%)","[chapti] Screwdriver Utilization (%)","[potbrood] Screwdriver Utilization (%)","[pita] Screwdriver Utilization (%)","[pumpernickel] Screwdriver Utilization (%)","[barm] Screwdriver Utilization (%)"
"2016 Q4",4.452299281,0.751103963,0.338849329,0.253546878,0.217257948,0.160729107,0.122680386,0.078629941,0.035681100,0.000427354,0.031623116,0.005533719,0.011126271,0.006497698,0.002778706,0.002180804,0.001641553,0.001168928
"2017 Q1",0.529466612,0.027031166,0.056696171,0,0.036932076,0.000314252,0.004301080,0.016973113,0.006658378,0.036294554,0.003321981,0.006109680,0,0,0.001272338,0.000531973,0.000247749,0.000408086
---------
