title
"Screwdriver Utilization (%): by PI"
parameters

start,end
2016-12-22,2017-01-01
---------
Year,"[Fieldfare] Screwdriver Utilization (%)","[Moorhen] Screwdriver Utilization (%)","[Scaup, Lesser] Screwdriver Utilization (%)","[Bluetail, Red-flanked] Screwdriver Utilization (%)","[Flycatcher, Taiga] Screwdriver Utilization (%)","[Lark, Calandra] Screwdriver Utilization (%)","[White, Great] Screwdriver Utilization (%)","[Bunting, Ortolan] Screwdriver Utilization (%)","[Smew] Screwdriver Utilization (%)","[Bufflehead] Screwdriver Utilization (%)","[Nuthatch] Screwdriver Utilization (%)","[Thrush, Hermit] Screwdriver Utilization (%)","[Shearwater, Balearic] Screwdriver Utilization (%)","[Chaffinch] Screwdriver Utilization (%)","[Egret, Snowy] Screwdriver Utilization (%)","[Fulmar] Screwdriver Utilization (%)","[Shearwater, Macaronesian] Screwdriver Utilization (%)","[Warbler, Hooded] Screwdriver Utilization (%)","[Jackdaw] Screwdriver Utilization (%)","[Accentor, Alpine] Screwdriver Utilization (%)","[Kestrel, Lesser] Screwdriver Utilization (%)","[Tern, Caspian] Screwdriver Utilization (%)","[Warbler, Blackpoll] Screwdriver Utilization (%)","[Dunlin] Screwdriver Utilization (%)","[Goose, Red-breasted] Screwdriver Utilization (%)","[Gull, Yellow-legged] Screwdriver Utilization (%)","[Warbler, Cetti's] Screwdriver Utilization (%)","[Petrel, Fea's] Screwdriver Utilization (%)","[Chiffchaff, Iberian] Screwdriver Utilization (%)","[Warbler, Savi's] Screwdriver Utilization (%)","[Dotterel] Screwdriver Utilization (%)","[Martin, Sand] Screwdriver Utilization (%)","[Swift, Little] Screwdriver Utilization (%)","[Bittern] Screwdriver Utilization (%)","[Harrier, Hen] Screwdriver Utilization (%)","[Dowitcher, Short-billed] Screwdriver Utilization (%)","[Shearwater, Great] Screwdriver Utilization (%)","[Spotted, Great] Screwdriver Utilization (%)","[Gull, Glaucous-winged] Screwdriver Utilization (%)","[Blackbird] Screwdriver Utilization (%)","[Yellowthroat, Common] Screwdriver Utilization (%)"
2016,0.205594343,0.158869348,0.169651039,0.085175241,0.086631978,0.059285288,0.053539579,0.042121861,0.052342327,0.040128644,0.040246812,0.037300698,0.031730574,0.026137659,0.000107422,0.021971942,0.024449328,0.018226550,0.017242715,0.009887147,0.014621748,0.012744042,0.004522180,0.001843241,0.003531490,0.004101270,0.003368886,0.002907402,0.002851647,0.002865972,0.002732620,0.001739572,0.001619220,0.000381426,0.000287004,0.000155040,0.000204938,0.000170393,0.000080089,0.000064148,0.000002960
2017,0.004136956,0.031917199,0.000162532,0.013979878,0.004832227,0.006411713,0.009086940,0.013338688,0,0.003580124,0,0,0,0.004841738,0.027226060,0.002816862,0,0.002748530,0.000428026,0.005103789,0.000172810,0.001060540,0,0.002484323,0.000588238,0.000009893,0,0,0.000100624,0,0,0.000032629,0.000061089,0.000004971,0,0.000077487,0,0,0,0,0
---------
