title
"Screwdriver Utilization (%): by PI Group"
parameters

start,end
2016-12-22,2017-01-01
---------
Month,"[Unknown] Screwdriver Utilization (%)"
2016-12,5.179937117
2017-01,0.468959636
---------
