title
"CPU Hours: Per Job: by Job Wall Time"
parameters

start,end
2016-12-22,2017-01-01
---------
Month,"[0 - 1s] CPU Hours: Per Job","[1 - 30s] CPU Hours: Per Job","[30s - 30min] CPU Hours: Per Job","[30 - 60min] CPU Hours: Per Job","[1 - 5hr] CPU Hours: Per Job","[5 - 10hr] CPU Hours: Per Job","[10 - 18hr] CPU Hours: Per Job","[18+hr] CPU Hours: Per Job"
2016-12,0,0.04744826,1.54736042,6.82268301,13.56114704,13.80148845,148.41005918,210.80034767
2017-01,0.00000000,0.02343898,1.44768420,6.64146891,19.32247568,46.44872685,87.24674917,28.22707615
---------
