title
"Node Hours: Per Job: by PI"
parameters

start,end
2016-12-22,2017-01-01
---------
Year,"[Thrush, Hermit] Node Hours: Per Job","[Scaup, Lesser] Node Hours: Per Job","[Fieldfare] Node Hours: Per Job","[Smew] Node Hours: Per Job","[Nuthatch] Node Hours: Per Job","[Gull, Yellow-legged] Node Hours: Per Job","[Bunting, Ortolan] Node Hours: Per Job","[White, Great] Node Hours: Per Job","[Shearwater, Great] Node Hours: Per Job","[Warbler, Savi's] Node Hours: Per Job","[Dotterel] Node Hours: Per Job","[Warbler, Blackpoll] Node Hours: Per Job","[Bufflehead] Node Hours: Per Job","[Chaffinch] Node Hours: Per Job","[Kestrel, Lesser] Node Hours: Per Job","[Bluetail, Red-flanked] Node Hours: Per Job","[Accentor, Alpine] Node Hours: Per Job","[Warbler, Hooded] Node Hours: Per Job","[Moorhen] Node Hours: Per Job","[Fulmar] Node Hours: Per Job","[Petrel, Fea's] Node Hours: Per Job","[Shearwater, Balearic] Node Hours: Per Job","[Jackdaw] Node Hours: Per Job","[Swift, Little] Node Hours: Per Job","[Shearwater, Macaronesian] Node Hours: Per Job","[Chiffchaff, Iberian] Node Hours: Per Job","[Martin, Sand] Node Hours: Per Job","[Spotted, Great] Node Hours: Per Job","[Harrier, Hen] Node Hours: Per Job","[Gull, Glaucous-winged] Node Hours: Per Job","[Egret, Snowy] Node Hours: Per Job","[Tern, Caspian] Node Hours: Per Job","[Goose, Red-breasted] Node Hours: Per Job","[Dowitcher, Short-billed] Node Hours: Per Job","[Bittern] Node Hours: Per Job","[Lark, Calandra] Node Hours: Per Job","[Dunlin] Node Hours: Per Job","[Flycatcher, Taiga] Node Hours: Per Job","[Warbler, Cetti's] Node Hours: Per Job","[Blackbird] Node Hours: Per Job","[Yellowthroat, Common] Node Hours: Per Job"
2016,364.05481481,440.33455882,378.45121528,218.94047619,110.47750000,180.12777778,102.77733796,113.84729630,72.00694444,50.34944444,48.00666667,44.13648148,48.78754421,171.93212963,38.92042929,42.39147275,33.22222222,26.76554598,23.01869450,19.49153549,16.76537037,16.21672374,16.77842172,16.77370370,8.59051583,7.77244774,8.66552083,5.98691667,5.04208333,2.34500000,0.19659722,1.77542542,2.24852053,0.97276290,1.45671498,0.72579469,0.61704722,0.37456916,0.12795354,0.08049603,0.06500000
2017,0,0.88986111,11.66001389,0,0,0.43333333,55.64138889,29.48206790,0,0,0,0,13.34548463,7.49301440,5.04611111,11.20868794,17.76759259,8.59896825,11.50595307,17.62551587,0,0,6.53138889,4.28111111,0,17.62944444,0.47638889,0,0,0,2.11436392,11.62486111,0.68706667,0.96969246,0.02809588,1.61532615,0.63905875,0.06690847,0,0,0
---------
