title
"CPU Hours: Total: by Job Size"
parameters

start,end
2016-12-22,2017-01-01
---------
Year,"[1] CPU Hours: Total","[2] CPU Hours: Total","[3 - 4] CPU Hours: Total","[5 - 8] CPU Hours: Total","[9 - 16] CPU Hours: Total","[17 - 32] CPU Hours: Total","[33 - 64] CPU Hours: Total","[65 - 128] CPU Hours: Total","[129 - 256] CPU Hours: Total","[257 - 512] CPU Hours: Total"
2016,80135.8836,1483.2597,4550.1264,85540.0222,165392.1383,59504.9008,26059.6883,212969.5214,122442.1289,12696.9733
2017,12478.2919,35.2586,611.4092,11837.1164,29660.2661,3002.8636,3645.9583,8501.0164,9.0133,0
---------
