title
"Screwdriver Utilization (%): by System Username"
parameters

start,end
2016-12-22,2017-01-01
---------
Year,"[meapi] Screwdriver Utilization (%)","[aytinis] Screwdriver Utilization (%)","[moorh] Screwdriver Utilization (%)","[garwa] Screwdriver Utilization (%)","[honbu] Screwdriver Utilization (%)","[crane] Screwdriver Utilization (%)","[smew1] Screwdriver Utilization (%)","[lapwi] Screwdriver Utilization (%)","[egygo] Screwdriver Utilization (%)","[duswa] Screwdriver Utilization (%)","[turdo] Screwdriver Utilization (%)","[sposa] Screwdriver Utilization (%)","[reebu] Screwdriver Utilization (%)","[caspl] Screwdriver Utilization (%)","[legsh] Screwdriver Utilization (%)","[siski] Screwdriver Utilization (%)","[sarwa] Screwdriver Utilization (%)","[shttr] Screwdriver Utilization (%)","[chaff] Screwdriver Utilization (%)","[sancr] Screwdriver Utilization (%)","[ovenb] Screwdriver Utilization (%)","[velsc] Screwdriver Utilization (%)","[whtsp] Screwdriver Utilization (%)","[misth] Screwdriver Utilization (%)","[whimb] Screwdriver Utilization (%)","[pereg] Screwdriver Utilization (%)","[ferdu] Screwdriver Utilization (%)","[hoowa] Screwdriver Utilization (%)","[yebsa] Screwdriver Utilization (%)","[corsh] Screwdriver Utilization (%)","[noror] Screwdriver Utilization (%)","[shag1] Screwdriver Utilization (%)","[swath] Screwdriver Utilization (%)","[whtpl] Screwdriver Utilization (%)","[dunli] Screwdriver Utilization (%)","[vertera] Screwdriver Utilization (%)","[yebwa] Screwdriver Utilization (%)","[ybsbu] Screwdriver Utilization (%)","[evegr] Screwdriver Utilization (%)","[boowa] Screwdriver Utilization (%)","[grath] Screwdriver Utilization (%)","[yebbu] Screwdriver Utilization (%)","[gloib] Screwdriver Utilization (%)","[litau] Screwdriver Utilization (%)","[alpsw] Screwdriver Utilization (%)","[rolle] Screwdriver Utilization (%)","[pibgr] Screwdriver Utilization (%)","[field] Screwdriver Utilization (%)","[lanhach] Screwdriver Utilization (%)","[sante] Screwdriver Utilization (%)","[lesre] Screwdriver Utilization (%)","[sogsh] Screwdriver Utilization (%)","[henha] Screwdriver Utilization (%)","[jackd] Screwdriver Utilization (%)","[mamwa] Screwdriver Utilization (%)","[blhbu] Screwdriver Utilization (%)","[grgsh] Screwdriver Utilization (%)","[proubis] Screwdriver Utilization (%)","[ribgu] Screwdriver Utilization (%)","[allga] Screwdriver Utilization (%)","[litst] Screwdriver Utilization (%)","[coot1] Screwdriver Utilization (%)","[categ] Screwdriver Utilization (%)","[crama] Screwdriver Utilization (%)","[relpa] Screwdriver Utilization (%)","[savsp] Screwdriver Utilization (%)"
2016,0.410134727,0.337725853,0.158869348,0.085175241,0.084914519,0.042121861,0.052342327,0.040128644,0.040246812,0.037300698,0.027334035,0.033937249,0.030737011,0.000107422,0.024449328,0.023919038,0.022810116,0.020548323,0.018178414,0.021714653,0.017786895,0.015023882,0.009887147,0.014621748,0.008632221,0.012279006,0.008709314,0.010994197,0.008587296,0.007232353,0.007959245,0.006345282,0.006443625,0.004522180,0.001843241,0.003531490,0.004101270,0.003459026,0.003213380,0.002907402,0.002851647,0.002865972,0.002732620,0.001739572,0.001576224,0.001619220,0.001423620,0.000632793,0.000165174,0.000497716,0.000299467,0.000381426,0.000287004,0.000248713,0.000204938,0.000170393,0.000155505,0.000066459,0.000090818,0.000080089,0.000070240,0.000044302,0.000044278,0.000064148,0.000002960,0.000001732
2017,0.006767415,0,0.031917199,0.013979878,0.004509484,0.013338688,0,0.003580124,0,0,0.008408705,0.000724880,0.004340481,0.027226060,0,0,0.001806147,0.002816862,0.003690910,0,0.001060467,0,0.005103789,0.000172810,0.005380858,0.000451623,0.003254458,0,0.001613718,0.002748530,0.001150828,0.000339323,0,0,0.002484323,0.000588238,0.000009893,0,0,0,0.000100624,0,0,0.000032629,0.000162532,0.000061089,0,0.000349993,0.001156504,0,0.000131172,0.000004971,0,0,0,0,0,0.000033205,0,0,0,0.000022141,0.000022141,0,0,0.000000073
---------
