title
"Screwdriver Utilization (%): by Resource Type"
parameters

start,end
2016-12-22,2017-01-01
---------
Quarter,"[High-performance computing] Screwdriver Utilization (%)"
"2016 Q4",1.745413594
"2017 Q1",0.161530541
---------
