title
"Node Hours: Per Job: by Job Wall Time"
parameters

start,end
2016-12-22,2017-01-01
---------
Year,"[0 - 1s] Node Hours: Per Job","[1 - 30s] Node Hours: Per Job","[30s - 30min] Node Hours: Per Job","[30 - 60min] Node Hours: Per Job","[1 - 5hr] Node Hours: Per Job","[5 - 10hr] Node Hours: Per Job","[10 - 18hr] Node Hours: Per Job","[18+hr] Node Hours: Per Job"
2016,0,0.00609280,0.14367810,0.60500455,1.70535900,8.41619494,19.78730435,40.57271075
2017,0.00000000,0.00271538,0.13372632,0.66283748,1.90416456,7.55386960,15.76149615,13.61845905
---------
