title
"CPU Hours: Total: by Department"
parameters

start,end
2016-12-22,2017-01-01
---------
Month,"[Unknown] CPU Hours: Total"
2016-12,770774.6431
2017-01,69781.1939
---------
