title
"Wall Hours: Total: by Resource"
parameters

start,end
2016-12-22,2017-01-01
---------
Resource,"Wall Hours: Total"
robertson,105070.4453
mortorq,7967.8761
frearson,7781.6811
pozidriv,6717.9889
phillips,438.8211
---------
