title
"Node Hours: Total"
parameters

start,end
2016-12-22,2017-01-01
---------
Month,"[Screwdriver] Node Hours: Total"
2016-12,138446.9325
2017-01,17856.8150
---------
