title
"CPU Hours: Total: by System Username"
parameters

start,end
2016-12-22,2017-01-01
---------
Year,"[honbu] CPU Hours: Total","[meapi] CPU Hours: Total","[aytinis] CPU Hours: Total","[moorh] CPU Hours: Total","[reebu] CPU Hours: Total","[garwa] CPU Hours: Total","[sancr] CPU Hours: Total","[crane] CPU Hours: Total","[caspl] CPU Hours: Total","[smew1] CPU Hours: Total","[sarwa] CPU Hours: Total","[lapwi] CPU Hours: Total","[egygo] CPU Hours: Total","[duswa] CPU Hours: Total","[turdo] CPU Hours: Total","[sposa] CPU Hours: Total","[velsc] CPU Hours: Total","[legsh] CPU Hours: Total","[siski] CPU Hours: Total","[shttr] CPU Hours: Total","[chaff] CPU Hours: Total","[ovenb] CPU Hours: Total","[whtsp] CPU Hours: Total","[misth] CPU Hours: Total","[whimb] CPU Hours: Total","[shag1] CPU Hours: Total","[swath] CPU Hours: Total","[pereg] CPU Hours: Total","[ferdu] CPU Hours: Total","[hoowa] CPU Hours: Total","[yebsa] CPU Hours: Total","[corsh] CPU Hours: Total","[noror] CPU Hours: Total","[ybsbu] CPU Hours: Total","[grath] CPU Hours: Total","[yebbu] CPU Hours: Total","[whtpl] CPU Hours: Total","[dunli] CPU Hours: Total","[vertera] CPU Hours: Total","[yebwa] CPU Hours: Total","[evegr] CPU Hours: Total","[boowa] CPU Hours: Total","[gloib] CPU Hours: Total","[litau] CPU Hours: Total","[alpsw] CPU Hours: Total","[rolle] CPU Hours: Total","[lanhach] CPU Hours: Total","[pibgr] CPU Hours: Total","[field] CPU Hours: Total","[sante] CPU Hours: Total","[lesre] CPU Hours: Total","[sogsh] CPU Hours: Total","[henha] CPU Hours: Total","[jackd] CPU Hours: Total","[mamwa] CPU Hours: Total","[blhbu] CPU Hours: Total","[grgsh] CPU Hours: Total","[litst] CPU Hours: Total","[proubis] CPU Hours: Total","[ribgu] CPU Hours: Total","[allga] CPU Hours: Total","[coot1] CPU Hours: Total","[categ] CPU Hours: Total","[crama] CPU Hours: Total","[relpa] CPU Hours: Total","[savsp] CPU Hours: Total"
2016,149177.8272,144104.9378,118663.3556,55820.3342,32399.2686,29927.1728,22888.9811,14799.9369,37.7439,18391.0000,16029.1250,14099.6003,14141.1200,13105.9733,9604.0864,11924.1919,10557.5822,8590.5158,8404.1933,7219.8586,6387.1675,6249.6033,3473.9481,5137.4972,3033.0172,4458.9567,4528.0644,4314.3514,3060.1044,3862.9211,3017.2322,2541.1594,2796.5603,2430.7267,2003.9097,2013.9756,1588.9133,647.6411,1240.8242,1441.0222,1129.0533,1021.5447,960.1333,611.2161,553.8222,568.9292,116.0711,500.2031,222.3381,174.8775,105.2208,134.0178,100.8417,87.3878,72.0069,59.8692,54.6383,49.3589,23.3511,31.9097,28.1400,15.5661,15.5575,22.5389,1.0400,0.6086
2017,7900.6158,2371.3022,0,11183.7864,3041.8092,4898.5492,0,4673.8764,19080.0228,0,632.8739,1254.4756,0,0,2946.4103,253.9981,0,0,0,987.0286,1293.2947,371.5878,1788.3675,60.5528,1885.4528,118.8989,0,158.2486,1140.3622,0,565.4467,963.0850,403.2503,0,35.2586,0,0,870.5067,206.1186,3.4667,0,0,0,11.4333,56.9511,21.4056,405.2389,0,122.6375,0,45.9625,1.7419,0,0,0,0,0,0,11.6350,0,0,7.7583,7.7581,0,0,0.0256
---------
