title
"CPU Hours: Per Job: by System Username"
parameters

start,end
2016-12-22,2017-01-01
---------
Year,"[aytinis] CPU Hours: Per Job","[velsc] CPU Hours: Per Job","[meapi] CPU Hours: Per Job","[duswa] CPU Hours: Per Job","[siski] CPU Hours: Per Job","[chaff] CPU Hours: Per Job","[smew1] CPU Hours: Per Job","[ferdu] CPU Hours: Per Job","[egygo] CPU Hours: Per Job","[pereg] CPU Hours: Per Job","[ovenb] CPU Hours: Per Job","[crane] CPU Hours: Per Job","[yebbu] CPU Hours: Per Job","[gloib] CPU Hours: Per Job","[yebwa] CPU Hours: Per Job","[evegr] CPU Hours: Per Job","[whtpl] CPU Hours: Per Job","[misth] CPU Hours: Per Job","[ybsbu] CPU Hours: Per Job","[shag1] CPU Hours: Per Job","[sarwa] CPU Hours: Per Job","[garwa] CPU Hours: Per Job","[whimb] CPU Hours: Per Job","[whtsp] CPU Hours: Per Job","[shttr] CPU Hours: Per Job","[sposa] CPU Hours: Per Job","[hoowa] CPU Hours: Per Job","[corsh] CPU Hours: Per Job","[sancr] CPU Hours: Per Job","[rolle] CPU Hours: Per Job","[yebsa] CPU Hours: Per Job","[noror] CPU Hours: Per Job","[sante] CPU Hours: Per Job","[field] CPU Hours: Per Job","[mamwa] CPU Hours: Per Job","[boowa] CPU Hours: Per Job","[litau] CPU Hours: Per Job","[lesre] CPU Hours: Per Job","[lapwi] CPU Hours: Per Job","[alpsw] CPU Hours: Per Job","[lanhach] CPU Hours: Per Job","[ribgu] CPU Hours: Per Job","[allga] CPU Hours: Per Job","[caspl] CPU Hours: Per Job","[jackd] CPU Hours: Per Job","[vertera] CPU Hours: Per Job","[grath] CPU Hours: Per Job","[moorh] CPU Hours: Per Job","[turdo] CPU Hours: Per Job","[pibgr] CPU Hours: Per Job","[legsh] CPU Hours: Per Job","[dunli] CPU Hours: Per Job","[swath] CPU Hours: Per Job","[reebu] CPU Hours: Per Job","[blhbu] CPU Hours: Per Job","[henha] CPU Hours: Per Job","[litst] CPU Hours: Per Job","[honbu] CPU Hours: Per Job","[crama] CPU Hours: Per Job","[relpa] CPU Hours: Per Job","[coot1] CPU Hours: Per Job","[proubis] CPU Hours: Per Job","[categ] CPU Hours: Per Job","[sogsh] CPU Hours: Per Job","[savsp] CPU Hours: Per Job","[grgsh] CPU Hours: Per Job"
2016,13184.81728395,5278.79111111,6550.22444444,4368.65777778,4202.09666667,6387.16750000,2627.28571429,3060.10444444,1767.64000000,1438.11712963,1249.92066667,1233.32807870,1006.98777778,960.13333333,1441.02222222,564.52666667,529.63777778,467.04520202,405.12111111,405.35969697,433.21959459,564.66363732,337.00191358,385.99422840,328.17539141,198.73653241,183.94862434,317.64493056,158.95125772,189.64305556,167.62401235,559.31205556,87.43875000,111.16902778,72.00694444,68.10298148,76.40201389,52.61041667,48.78754421,69.22777778,16.58158730,31.90972222,28.14000000,2.35899306,21.84694444,26.97443841,19.84069032,23.01869450,13.91896578,10.00406111,8.59051583,6.47641111,6.35072152,5.56210620,5.98691667,5.04208333,4.48717172,3.59101216,1.60992063,1.04000000,0.97288194,0.97296296,0.97234375,1.45671498,0.02434444,0.02076714
2017,0,0,263.47802469,0,0,1293.29472222,0,1140.36222222,0,158.24861111,371.58777778,667.69662698,0,0,3.46666667,0,0,60.55277778,0,118.89888889,70.31932099,104.22445035,269.35039683,198.70750000,141.00408730,63.49951389,0,68.79178571,0,21.40555556,51.40424242,15.50962607,0,61.31875000,0,0,5.71666667,45.96250000,13.34548463,7.11888889,45.02654321,0,0,25.37237072,0,8.24474444,35.25861111,11.50595307,9.56626714,0,0,6.26263789,0,36.21201389,0,0,0,0.56757298,0,0,0.96979167,0.96958333,0.96975694,0.02809588,0.02555556,0
---------
