title
"Wall Hours: Per Job: by Department"
parameters

start,end
2016-12-22,2017-01-01
---------
Day,"[Unknown] Wall Hours: Per Job"
2016-12-22,16.84402778
2016-12-23,18.86787037
2016-12-24,24.00000000
2016-12-25,13.41796296
2016-12-26,14.32007576
2016-12-27,12.71861111
2016-12-28,10.16471852
2016-12-29,11.78408589
2016-12-30,1.48544100
2016-12-31,1.42967474
2017-01-01,1.01284658
---------
