title
"Wall Hours: Per Job: by User"
parameters

start,end
2016-12-22,2017-01-01
---------
Quarter,"[Chaffinch] Wall Hours: Per Job","[Tern, Sandwich] Wall Hours: Per Job","[Ovenbird] Wall Hours: Per Job","[Warbler, Moltoni's] Wall Hours: Per Job","[Scaup, Lesser] Wall Hours: Per Job","[Siskin] Wall Hours: Per Job","[Duck, Ferruginous] Wall Hours: Per Job","[Pipit, Meadow] Wall Hours: Per Job","[Warbler, Garden] Wall Hours: Per Job","[Lapwing] Wall Hours: Per Job","[Sapsucker, Yellow-bellied] Wall Hours: Per Job","[Ibis, Glossy] Wall Hours: Per Job","[Treecreeper, Short-toed] Wall Hours: Per Job","[Plover, White-tailed] Wall Hours: Per Job","[Thrush, Mistle] Wall Hours: Per Job","[Bunting, Yellow-breasted] Wall Hours: Per Job","[Scoter, Velvet] Wall Hours: Per Job","[Smew] Wall Hours: Per Job","[Gull, Ring-billed] Wall Hours: Per Job","[Shearwater, Cory's] Wall Hours: Per Job","[Sparrow, White-throated] Wall Hours: Per Job","[Moorhen] Wall Hours: Per Job","[Bunting, Yellow-browed] Wall Hours: Per Job","[Peregrine] Wall Hours: Per Job","[Jackdaw] Wall Hours: Per Job","[Warbler, Hooded] Wall Hours: Per Job","[Shag] Wall Hours: Per Job","[Redpoll, Lesser] Wall Hours: Per Job","[Sandpiper, Spotted] Wall Hours: Per Job","[Warbler, Booted] Wall Hours: Per Job","[Goose, Egyptian] Wall Hours: Per Job","[Warbler, Dusky] Wall Hours: Per Job","[Fieldfare] Wall Hours: Per Job","[Crane] Wall Hours: Per Job","[Grosbeak, Evening] Wall Hours: Per Job","[Grebe, Pied-billed] Wall Hours: Per Job","[Warbler, Sardinian] Wall Hours: Per Job","[Oriole, Baltimore] Wall Hours: Per Job","[Grey, Lesser] Wall Hours: Per Job","[Thrush, Grey-cheeked] Wall Hours: Per Job","[Crane, Sandhill] Wall Hours: Per Job","[Auk, Little] Wall Hours: Per Job","[Whimbrel] Wall Hours: Per Job","[Bunting, Black-headed] Wall Hours: Per Job","[Harrier, Hen] Wall Hours: Per Job","[Roller] Wall Hours: Per Job","[Warbler, Yellow-browed] Wall Hours: Per Job","[Shrike, Long-tailed] Wall Hours: Per Job","[Plover, Caspian] Wall Hours: Per Job","[Dove, Turtle] Wall Hours: Per Job","[Coot] Wall Hours: Per Job","[Martin, Purple] Wall Hours: Per Job","[Egret, Cattle] Wall Hours: Per Job","[Grey, Southern] Wall Hours: Per Job","[Warbler, Golden-winged] Wall Hours: Per Job","[Swift, Alpine] Wall Hours: Per Job","[Thrush, Swainson's] Wall Hours: Per Job","[Stint, Little] Wall Hours: Per Job","[Bunting, Reed] Wall Hours: Per Job","[Honey-buzzard] Wall Hours: Per Job","[Gallinule, Allen's] Wall Hours: Per Job","[Dunlin] Wall Hours: Per Job","[Martin, Crag] Wall Hours: Per Job","[Partridge, Red-legged] Wall Hours: Per Job","[Sparrow, Savannah] Wall Hours: Per Job","[Grey, Great] Wall Hours: Per Job"
"2016 Q4",99.79944444,87.43875000,78.12005556,72.00694444,72.00432099,70.03500000,51.00166667,68.23150253,42.39147275,48.78754421,41.90600309,48.00666667,41.05271465,44.13648148,38.92042929,38.73828704,37.18166667,36.49007937,31.90972222,39.70562500,16.61111111,23.01869450,25.17486111,23.96861111,21.84694444,21.83599206,20.26603535,13.15263889,16.56137963,16.76537037,15.78250000,15.43750000,13.89611111,12.84717593,10.08083333,10.00406111,10.95135135,46.59672222,8.59051583,7.77244774,7.43894097,8.66552083,5.76256173,5.98691667,5.04208333,4.68518519,9.00638889,5.99888889,0.19659722,1.52874718,0.97288194,0.97296296,0.97234375,1.45671498,1.05606280,1.09781250,0.56853008,0.33320707,0.26789928,0.35657374,0.26055556,0.14305278,0.08049603,0.06500000,0.02434444,0.02076714
"2017 Q1",20.20777778,0,23.22416667,0,0,0,19.00611111,2.74456790,11.20868794,13.34548463,12.85106061,0,17.62551587,0,5.04611111,0,0,0,0,8.59896825,8.88379630,11.50595307,0,2.63750000,0,0,4.95416667,11.49055556,5.29159722,0,0,0,7.66486111,6.95515873,0,0,2.04793210,1.56344017,0,17.62944444,0,0.47638889,4.94492063,0,0,4.28111111,0.02166667,2.25132716,2.11436392,1.19578463,0.96979167,0.96958333,0.96975694,0.02809588,0.30831111,0.22246528,0,0,2.34519180,0.05680605,0,0.22250400,0,0,0.02555556,0
---------
