title
"Wall Hours: Per Job: by Job Size"
parameters

start,end
2016-12-22,2017-01-01
---------
Month,"[1] Wall Hours: Per Job","[2] Wall Hours: Per Job","[3 - 4] Wall Hours: Per Job","[5 - 8] Wall Hours: Per Job","[9 - 16] Wall Hours: Per Job","[17 - 32] Wall Hours: Per Job","[33 - 64] Wall Hours: Per Job","[65 - 128] Wall Hours: Per Job","[129 - 256] Wall Hours: Per Job","[257 - 512] Wall Hours: Per Job"
2016-12,12.08503749,7.56765023,1.55400501,0.33112783,0.80836045,11.41914794,8.05158046,28.44002083,54.76854167,18.89583333
2017-01,10.68346913,17.62944444,12.73768519,0.14319850,0.48658797,1.30690562,1.40549190,2.73462418,0.02527778,0
---------
