title
"Wall Hours: Per Job: by System Username"
parameters

start,end
2016-12-22,2017-01-01
---------
Year,"[chaff] Wall Hours: Per Job","[sante] Wall Hours: Per Job","[ovenb] Wall Hours: Per Job","[mamwa] Wall Hours: Per Job","[aytinis] Wall Hours: Per Job","[siski] Wall Hours: Per Job","[ferdu] Wall Hours: Per Job","[meapi] Wall Hours: Per Job","[garwa] Wall Hours: Per Job","[lapwi] Wall Hours: Per Job","[yebsa] Wall Hours: Per Job","[gloib] Wall Hours: Per Job","[shttr] Wall Hours: Per Job","[whtpl] Wall Hours: Per Job","[misth] Wall Hours: Per Job","[ybsbu] Wall Hours: Per Job","[velsc] Wall Hours: Per Job","[smew1] Wall Hours: Per Job","[ribgu] Wall Hours: Per Job","[corsh] Wall Hours: Per Job","[whtsp] Wall Hours: Per Job","[moorh] Wall Hours: Per Job","[yebbu] Wall Hours: Per Job","[pereg] Wall Hours: Per Job","[jackd] Wall Hours: Per Job","[hoowa] Wall Hours: Per Job","[shag1] Wall Hours: Per Job","[lesre] Wall Hours: Per Job","[sposa] Wall Hours: Per Job","[boowa] Wall Hours: Per Job","[egygo] Wall Hours: Per Job","[duswa] Wall Hours: Per Job","[field] Wall Hours: Per Job","[crane] Wall Hours: Per Job","[evegr] Wall Hours: Per Job","[pibgr] Wall Hours: Per Job","[sarwa] Wall Hours: Per Job","[noror] Wall Hours: Per Job","[legsh] Wall Hours: Per Job","[grath] Wall Hours: Per Job","[sancr] Wall Hours: Per Job","[litau] Wall Hours: Per Job","[whimb] Wall Hours: Per Job","[blhbu] Wall Hours: Per Job","[henha] Wall Hours: Per Job","[rolle] Wall Hours: Per Job","[yebwa] Wall Hours: Per Job","[lanhach] Wall Hours: Per Job","[caspl] Wall Hours: Per Job","[turdo] Wall Hours: Per Job","[coot1] Wall Hours: Per Job","[proubis] Wall Hours: Per Job","[categ] Wall Hours: Per Job","[sogsh] Wall Hours: Per Job","[vertera] Wall Hours: Per Job","[alpsw] Wall Hours: Per Job","[swath] Wall Hours: Per Job","[litst] Wall Hours: Per Job","[reebu] Wall Hours: Per Job","[honbu] Wall Hours: Per Job","[allga] Wall Hours: Per Job","[dunli] Wall Hours: Per Job","[crama] Wall Hours: Per Job","[relpa] Wall Hours: Per Job","[savsp] Wall Hours: Per Job","[grgsh] Wall Hours: Per Job"
2016,99.79944444,87.43875000,78.12005556,72.00694444,72.00432099,70.03500000,51.00166667,68.23150253,42.39147275,48.78754421,41.90600309,48.00666667,41.05271465,44.13648148,38.92042929,38.73828704,37.18166667,36.49007937,31.90972222,39.70562500,16.61111111,23.01869450,25.17486111,23.96861111,21.84694444,21.83599206,20.26603535,13.15263889,16.56137963,16.76537037,15.78250000,15.43750000,13.89611111,12.84717593,10.08083333,10.00406111,10.95135135,46.59672222,8.59051583,7.77244774,7.43894097,8.66552083,5.76256173,5.98691667,5.04208333,4.68518519,9.00638889,5.99888889,0.19659722,1.52874718,0.97288194,0.97296296,0.97234375,1.45671498,1.05606280,1.09781250,0.56853008,0.33320707,0.26789928,0.35657374,0.26055556,0.14305278,0.08049603,0.06500000,0.02434444,0.02076714
2017,20.20777778,0,23.22416667,0,0,0,19.00611111,2.74456790,11.20868794,13.34548463,12.85106061,0,17.62551587,0,5.04611111,0,0,0,0,8.59896825,8.88379630,11.50595307,0,2.63750000,0,0,4.95416667,11.49055556,5.29159722,0,0,0,7.66486111,6.95515873,0,0,2.04793210,1.56344017,0,17.62944444,0,0.47638889,4.94492063,0,0,4.28111111,0.02166667,2.25132716,2.11436392,1.19578463,0.96979167,0.96958333,0.96975694,0.02809588,0.30831111,0.22246528,0,0,2.34519180,0.05680605,0,0.22250400,0,0,0.02555556,0
---------
