title
"CPU Hours: Per Job: by Node Count"
parameters

start,end
2016-12-22,2017-01-01
---------
Quarter,"[28] CPU Hours: Per Job","[12] CPU Hours: Per Job","[7] CPU Hours: Per Job","[8] CPU Hours: Per Job","[6] CPU Hours: Per Job","[5] CPU Hours: Per Job","[20] CPU Hours: Per Job","[14] CPU Hours: Per Job","[4] CPU Hours: Per Job","[2] CPU Hours: Per Job","[3] CPU Hours: Per Job","[9] CPU Hours: Per Job","[16] CPU Hours: Per Job","[24] CPU Hours: Per Job","[1] CPU Hours: Per Job"
"2016 Q4",12690.81333333,11508.07878788,2467.25283951,2308.32972222,2240.54529915,1583.68783333,1441.02222222,564.52666667,263.66691721,250.52871528,140.22433333,28.14000000,12.26666667,6.16000000,6.59850613
"2017 Q1",0,0,0,195.85702020,176.00472222,649.30541667,3.46666667,0,18.28704861,28.31097403,121.35766667,0,5.60000000,0,3.34438354
---------
